
*** Running vivado
    with args -log lcd_colorbar_top.vds -m64 -product Vivado -mode batch -messageDb vivado.pb -notrace -source lcd_colorbar_top.tcl



****** Vivado v2023.2 (64-bit)
  **** SW Build 4029153 on Fri Oct 13 20:14:34 MDT 2023
  **** IP Build 4028589 on Sat Oct 14 00:45:43 MDT 2023
  **** SharedData Build 4025554 on Tue Oct 10 17:18:54 MDT 2023
    ** Copyright 1986-2022 Xilinx, Inc. All Rights Reserved.
    ** Copyright 2022-2023 Advanced Micro Devices, Inc. All Rights Reserved.

source lcd_colorbar_top.tcl -notrace
create_project: Time (s): cpu = 00:00:01 ; elapsed = 00:00:07 . Memory (MB): peak = 582.551 ; gain = 180.168
Command: read_checkpoint -auto_incremental -incremental C:/Users/USER/Documents/GitHub/zedboard-project/zedboard-project/V260515/V260515.srcs/utils_1/imports/synth_1/lcd_colorbar_top.dcp
INFO: [Vivado 12-5825] Read reference checkpoint from C:/Users/USER/Documents/GitHub/zedboard-project/zedboard-project/V260515/V260515.srcs/utils_1/imports/synth_1/lcd_colorbar_top.dcp for incremental synthesis
INFO: [Vivado 12-7989] Please ensure there are no constraint changes
Command: synth_design -top lcd_colorbar_top -part xc7z020clg484-1
Starting synth_design
Attempting to get a license for feature 'Synthesis' and/or device 'xc7z020'
INFO: [Common 17-349] Got license for feature 'Synthesis' and/or device 'xc7z020'
INFO: [Device 21-403] Loading part xc7z020clg484-1
INFO: [Designutils 20-5440] No compile time benefit to using incremental synthesis; A full resynthesis will be run
INFO: [Designutils 20-4379] Flow is switching to default flow due to incremental criteria not met. If you would like to alter this behaviour and have the flow terminate instead, please set the following parameter config_implementation {autoIncr.Synth.RejectBehavior Terminate}
INFO: [Synth 8-7079] Multithreading enabled for synth_design using a maximum of 2 processes.
INFO: [Synth 8-7078] Launching helper process for spawning children vivado processes
INFO: [Synth 8-7075] Helper process launched with PID 14324
---------------------------------------------------------------------------------
Starting RTL Elaboration : Time (s): cpu = 00:00:01 ; elapsed = 00:00:04 . Memory (MB): peak = 1457.871 ; gain = 439.469
---------------------------------------------------------------------------------
WARNING: [Synth 8-10940] macro 'TETRIS_W' is redefined [C:/Users/USER/Documents/GitHub/zedboard-project/zedboard-project/V260515/V260515.srcs/sources_1/new/game_logic.v:18]
WARNING: [Synth 8-10940] macro 'TETRIS_H' is redefined [C:/Users/USER/Documents/GitHub/zedboard-project/zedboard-project/V260515/V260515.srcs/sources_1/new/game_logic.v:19]
WARNING: [Synth 8-10940] macro 'FIELD_SIZE' is redefined [C:/Users/USER/Documents/GitHub/zedboard-project/zedboard-project/V260515/V260515.srcs/sources_1/new/renderer.v:20]
INFO: [Synth 8-6157] synthesizing module 'lcd_colorbar_top' [C:/Users/USER/Documents/GitHub/zedboard-project/zedboard-project/V260515/V260515.srcs/sources_1/new/lcd_colorbar_top.v:2]
INFO: [Synth 8-6157] synthesizing module 'clk_wiz_0' [C:/Users/USER/Documents/GitHub/zedboard-project/zedboard-project/V260515/V260515.runs/synth_1/.Xil/Vivado-5168-DESKTOP-O1S0IG8/realtime/clk_wiz_0_stub.v:6]
INFO: [Synth 8-6155] done synthesizing module 'clk_wiz_0' (0#1) [C:/Users/USER/Documents/GitHub/zedboard-project/zedboard-project/V260515/V260515.runs/synth_1/.Xil/Vivado-5168-DESKTOP-O1S0IG8/realtime/clk_wiz_0_stub.v:6]
INFO: [Synth 8-6157] synthesizing module 'lcd_timing' [C:/Users/USER/Documents/GitHub/zedboard-project/zedboard-project/V260515/V260515.srcs/sources_1/new/lcd_timing.v:3]
INFO: [Synth 8-6155] done synthesizing module 'lcd_timing' (0#1) [C:/Users/USER/Documents/GitHub/zedboard-project/zedboard-project/V260515/V260515.srcs/sources_1/new/lcd_timing.v:3]
INFO: [Synth 8-6157] synthesizing module 'field_calc' [C:/Users/USER/Documents/GitHub/zedboard-project/zedboard-project/V260515/V260515.srcs/sources_1/new/field_calc.v:3]
INFO: [Synth 8-6155] done synthesizing module 'field_calc' (0#1) [C:/Users/USER/Documents/GitHub/zedboard-project/zedboard-project/V260515/V260515.srcs/sources_1/new/field_calc.v:3]
INFO: [Synth 8-6157] synthesizing module 'game_logic' [C:/Users/USER/Documents/GitHub/zedboard-project/zedboard-project/V260515/V260515.srcs/sources_1/new/game_logic.v:3]
INFO: [Synth 8-226] default block is never used [C:/Users/USER/Documents/GitHub/zedboard-project/zedboard-project/V260515/V260515.srcs/sources_1/new/game_logic.v:75]
INFO: [Synth 8-155] case statement is not full and has no default [C:/Users/USER/Documents/GitHub/zedboard-project/zedboard-project/V260515/V260515.srcs/sources_1/new/game_logic.v:275]
INFO: [Synth 8-6155] done synthesizing module 'game_logic' (0#1) [C:/Users/USER/Documents/GitHub/zedboard-project/zedboard-project/V260515/V260515.srcs/sources_1/new/game_logic.v:3]
INFO: [Synth 8-6157] synthesizing module 'renderer' [C:/Users/USER/Documents/GitHub/zedboard-project/zedboard-project/V260515/V260515.srcs/sources_1/new/renderer.v:3]
INFO: [Synth 8-6155] done synthesizing module 'renderer' (0#1) [C:/Users/USER/Documents/GitHub/zedboard-project/zedboard-project/V260515/V260515.srcs/sources_1/new/renderer.v:3]
INFO: [Synth 8-6157] synthesizing module 'score_pic' [C:/Users/USER/Documents/GitHub/zedboard-project/zedboard-project/V260515/V260515.srcs/sources_1/new/score_pic.v:2]
INFO: [Synth 8-6157] synthesizing module 'score_label' [C:/Users/USER/Documents/GitHub/zedboard-project/zedboard-project/V260515/V260515.srcs/sources_1/new/score_label.v:4]
INFO: [Synth 8-6155] done synthesizing module 'score_label' (0#1) [C:/Users/USER/Documents/GitHub/zedboard-project/zedboard-project/V260515/V260515.srcs/sources_1/new/score_label.v:4]
INFO: [Synth 8-6155] done synthesizing module 'score_pic' (0#1) [C:/Users/USER/Documents/GitHub/zedboard-project/zedboard-project/V260515/V260515.srcs/sources_1/new/score_pic.v:2]
INFO: [Synth 8-6155] done synthesizing module 'lcd_colorbar_top' (0#1) [C:/Users/USER/Documents/GitHub/zedboard-project/zedboard-project/V260515/V260515.srcs/sources_1/new/lcd_colorbar_top.v:2]
WARNING: [Synth 8-3917] design lcd_colorbar_top has port lcd_ud driven by constant 0
WARNING: [Synth 8-3917] design lcd_colorbar_top has port lcd_bl driven by constant 0
WARNING: [Synth 8-7129] Port rd_h[5] in module game_logic is either unconnected or has no load
---------------------------------------------------------------------------------
Finished RTL Elaboration : Time (s): cpu = 00:00:01 ; elapsed = 00:00:05 . Memory (MB): peak = 1586.746 ; gain = 568.344
---------------------------------------------------------------------------------
---------------------------------------------------------------------------------
Start Handling Custom Attributes
---------------------------------------------------------------------------------
---------------------------------------------------------------------------------
Finished Handling Custom Attributes : Time (s): cpu = 00:00:01 ; elapsed = 00:00:05 . Memory (MB): peak = 1586.746 ; gain = 568.344
---------------------------------------------------------------------------------
---------------------------------------------------------------------------------
Finished RTL Optimization Phase 1 : Time (s): cpu = 00:00:01 ; elapsed = 00:00:05 . Memory (MB): peak = 1586.746 ; gain = 568.344
---------------------------------------------------------------------------------
Netlist sorting complete. Time (s): cpu = 00:00:01 ; elapsed = 00:00:00.021 . Memory (MB): peak = 1586.746 ; gain = 0.000
INFO: [Project 1-570] Preparing netlist for logic optimization

Processing XDC Constraints
Initializing timing engine
Parsing XDC File [c:/Users/USER/Documents/GitHub/zedboard-project/zedboard-project/V260515/V260515.gen/sources_1/ip/clk_wiz_0/clk_wiz_0/clk_wiz_0_in_context.xdc] for cell 'clk_wiz_inst'
Finished Parsing XDC File [c:/Users/USER/Documents/GitHub/zedboard-project/zedboard-project/V260515/V260515.gen/sources_1/ip/clk_wiz_0/clk_wiz_0/clk_wiz_0_in_context.xdc] for cell 'clk_wiz_inst'
Parsing XDC File [C:/Users/USER/Documents/GitHub/zedboard-project/zedboard-project/V260515/V260515.srcs/constrs_1/new/tetris_lcd.xdc]
Finished Parsing XDC File [C:/Users/USER/Documents/GitHub/zedboard-project/zedboard-project/V260515/V260515.srcs/constrs_1/new/tetris_lcd.xdc]
INFO: [Project 1-236] Implementation specific constraints were found while reading constraint file [C:/Users/USER/Documents/GitHub/zedboard-project/zedboard-project/V260515/V260515.srcs/constrs_1/new/tetris_lcd.xdc]. These constraints will be ignored for synthesis but will be used in implementation. Impacted constraints are listed in the file [.Xil/lcd_colorbar_top_propImpl.xdc].
Resolution: To avoid this warning, move constraints listed in [.Xil/lcd_colorbar_top_propImpl.xdc] to another XDC file and exclude this new file from synthesis with the used_in_synthesis property (File Properties dialog in GUI) and re-run elaboration/synthesis.
Completed Processing XDC Constraints

Netlist sorting complete. Time (s): cpu = 00:00:00 ; elapsed = 00:00:00 . Memory (MB): peak = 1692.844 ; gain = 0.000
INFO: [Project 1-111] Unisim Transformation Summary:
No Unisim elements were transformed.

지정된 경로를 찾을 수 없습니다.
Constraint Validation Runtime : Time (s): cpu = 00:00:00 ; elapsed = 00:00:00.010 . Memory (MB): peak = 1692.844 ; gain = 0.000
INFO: [Designutils 20-5440] No compile time benefit to using incremental synthesis; A full resynthesis will be run
INFO: [Designutils 20-4379] Flow is switching to default flow due to incremental criteria not met. If you would like to alter this behaviour and have the flow terminate instead, please set the following parameter config_implementation {autoIncr.Synth.RejectBehavior Terminate}
---------------------------------------------------------------------------------
Finished Constraint Validation : Time (s): cpu = 00:00:03 ; elapsed = 00:00:10 . Memory (MB): peak = 1692.844 ; gain = 674.441
---------------------------------------------------------------------------------
---------------------------------------------------------------------------------
Start Loading Part and Timing Information
---------------------------------------------------------------------------------
Loading part: xc7z020clg484-1
---------------------------------------------------------------------------------
Finished Loading Part and Timing Information : Time (s): cpu = 00:00:03 ; elapsed = 00:00:10 . Memory (MB): peak = 1692.844 ; gain = 674.441
---------------------------------------------------------------------------------
---------------------------------------------------------------------------------
Start Applying 'set_property' XDC Constraints
---------------------------------------------------------------------------------
Applied set_property IO_BUFFER_TYPE = NONE for sys_clk. (constraint file  c:/Users/USER/Documents/GitHub/zedboard-project/zedboard-project/V260515/V260515.gen/sources_1/ip/clk_wiz_0/clk_wiz_0/clk_wiz_0_in_context.xdc, line 3).
Applied set_property CLOCK_BUFFER_TYPE = NONE for sys_clk. (constraint file  c:/Users/USER/Documents/GitHub/zedboard-project/zedboard-project/V260515/V260515.gen/sources_1/ip/clk_wiz_0/clk_wiz_0/clk_wiz_0_in_context.xdc, line 4).
Applied set_property KEEP_HIERARCHY = SOFT for clk_wiz_inst. (constraint file  auto generated constraint).
---------------------------------------------------------------------------------
Finished applying 'set_property' XDC Constraints : Time (s): cpu = 00:00:03 ; elapsed = 00:00:10 . Memory (MB): peak = 1692.844 ; gain = 674.441
---------------------------------------------------------------------------------
INFO: [Synth 8-802] inferred FSM for state register 'state_reg' in module 'game_logic'
---------------------------------------------------------------------------------------------------
                   State |                     New Encoding |                Previous Encoding 
---------------------------------------------------------------------------------------------------
             STATE_SPAWN |                             0001 |                              000
              STATE_FALL |                             0010 |                              001
             STATE_MERGE |                             0100 |                              010
             STATE_CLEAR |                             1000 |                              011
---------------------------------------------------------------------------------------------------
INFO: [Synth 8-3354] encoded FSM with state register 'state_reg' using encoding 'one-hot' in module 'game_logic'
---------------------------------------------------------------------------------
Finished RTL Optimization Phase 2 : Time (s): cpu = 00:00:04 ; elapsed = 00:00:12 . Memory (MB): peak = 1692.844 ; gain = 674.441
---------------------------------------------------------------------------------
---------------------------------------------------------------------------------
Start RTL Component Statistics 
---------------------------------------------------------------------------------
Detailed RTL Component Info : 
+---Adders : 
	   2 Input   32 Bit       Adders := 2     
	   2 Input   14 Bit       Adders := 1     
	   2 Input   12 Bit       Adders := 1     
	   2 Input   11 Bit       Adders := 5     
	   2 Input   10 Bit       Adders := 2     
	   2 Input    9 Bit       Adders := 1     
	   2 Input    7 Bit       Adders := 1     
	   2 Input    6 Bit       Adders := 2     
	   3 Input    6 Bit       Adders := 9     
	   2 Input    5 Bit       Adders := 5     
	   3 Input    5 Bit       Adders := 11    
	   2 Input    4 Bit       Adders := 5     
	   2 Input    2 Bit       Adders := 2     
+---XORs : 
	   2 Input      1 Bit         XORs := 1     
+---Registers : 
	               24 Bit    Registers := 2     
	               16 Bit    Registers := 1     
	               12 Bit    Registers := 1     
	               10 Bit    Registers := 23    
	                7 Bit    Registers := 1     
	                6 Bit    Registers := 1     
	                5 Bit    Registers := 1     
	                4 Bit    Registers := 1     
	                2 Bit    Registers := 3     
	                1 Bit    Registers := 5     
+---Muxes : 
	   2 Input   25 Bit        Muxes := 1     
	   2 Input   24 Bit        Muxes := 5     
	   5 Input   24 Bit        Muxes := 2     
	   2 Input   23 Bit        Muxes := 1     
	   2 Input   21 Bit        Muxes := 1     
	   2 Input   12 Bit        Muxes := 1     
	   2 Input   10 Bit        Muxes := 159   
	   3 Input   10 Bit        Muxes := 1     
	   4 Input   10 Bit        Muxes := 43    
	   2 Input    9 Bit        Muxes := 1     
	  13 Input    8 Bit        Muxes := 5     
	   2 Input    6 Bit        Muxes := 1     
	   4 Input    6 Bit        Muxes := 1     
	   2 Input    5 Bit        Muxes := 2     
	   4 Input    5 Bit        Muxes := 1     
	   2 Input    4 Bit        Muxes := 1     
	   4 Input    4 Bit        Muxes := 1     
	  13 Input    2 Bit        Muxes := 10    
	   2 Input    2 Bit        Muxes := 1     
	   4 Input    2 Bit        Muxes := 1     
	  13 Input    1 Bit        Muxes := 4     
	   2 Input    1 Bit        Muxes := 1     
	   4 Input    1 Bit        Muxes := 6     
---------------------------------------------------------------------------------
Finished RTL Component Statistics 
---------------------------------------------------------------------------------
---------------------------------------------------------------------------------
Start Part Resource Summary
---------------------------------------------------------------------------------
Part Resources:
DSPs: 220 (col length:60)
BRAMs: 280 (col length: RAMB18 60 RAMB36 30)
---------------------------------------------------------------------------------
Finished Part Resource Summary
---------------------------------------------------------------------------------
---------------------------------------------------------------------------------
Start Cross Boundary and Area Optimization
---------------------------------------------------------------------------------
WARNING: [Synth 8-7080] Parallel synthesis criteria is not met
WARNING: [Synth 8-3917] design lcd_colorbar_top has port lcd_ud driven by constant 0
WARNING: [Synth 8-3917] design lcd_colorbar_top has port lcd_bl driven by constant 0
WARNING: [Synth 8-7129] Port rd_h[5] in module game_logic is either unconnected or has no load
---------------------------------------------------------------------------------
Finished Cross Boundary and Area Optimization : Time (s): cpu = 00:00:14 ; elapsed = 00:00:35 . Memory (MB): peak = 2048.938 ; gain = 1030.535
---------------------------------------------------------------------------------
---------------------------------------------------------------------------------
Start Applying XDC Timing Constraints
---------------------------------------------------------------------------------
---------------------------------------------------------------------------------
Finished Applying XDC Timing Constraints : Time (s): cpu = 00:00:15 ; elapsed = 00:00:39 . Memory (MB): peak = 2048.938 ; gain = 1030.535
---------------------------------------------------------------------------------
---------------------------------------------------------------------------------
Start Timing Optimization
---------------------------------------------------------------------------------
---------------------------------------------------------------------------------
Finished Timing Optimization : Time (s): cpu = 00:00:18 ; elapsed = 00:00:45 . Memory (MB): peak = 2048.938 ; gain = 1030.535
---------------------------------------------------------------------------------
---------------------------------------------------------------------------------
Start Technology Mapping
---------------------------------------------------------------------------------
---------------------------------------------------------------------------------
Finished Technology Mapping : Time (s): cpu = 00:00:18 ; elapsed = 00:00:48 . Memory (MB): peak = 2048.938 ; gain = 1030.535
---------------------------------------------------------------------------------
---------------------------------------------------------------------------------
Start IO Insertion
---------------------------------------------------------------------------------
---------------------------------------------------------------------------------
Start Flattening Before IO Insertion
---------------------------------------------------------------------------------
---------------------------------------------------------------------------------
Finished Flattening Before IO Insertion
---------------------------------------------------------------------------------
---------------------------------------------------------------------------------
Start Final Netlist Cleanup
---------------------------------------------------------------------------------
---------------------------------------------------------------------------------
Finished Final Netlist Cleanup
---------------------------------------------------------------------------------
---------------------------------------------------------------------------------
Finished IO Insertion : Time (s): cpu = 00:00:20 ; elapsed = 00:00:50 . Memory (MB): peak = 2048.938 ; gain = 1030.535
---------------------------------------------------------------------------------
---------------------------------------------------------------------------------
Start Renaming Generated Instances
---------------------------------------------------------------------------------
---------------------------------------------------------------------------------
Finished Renaming Generated Instances : Time (s): cpu = 00:00:20 ; elapsed = 00:00:50 . Memory (MB): peak = 2048.938 ; gain = 1030.535
---------------------------------------------------------------------------------
---------------------------------------------------------------------------------
Start Rebuilding User Hierarchy
---------------------------------------------------------------------------------
---------------------------------------------------------------------------------
Finished Rebuilding User Hierarchy : Time (s): cpu = 00:00:20 ; elapsed = 00:00:51 . Memory (MB): peak = 2048.938 ; gain = 1030.535
---------------------------------------------------------------------------------
---------------------------------------------------------------------------------
Start Renaming Generated Ports
---------------------------------------------------------------------------------
---------------------------------------------------------------------------------
Finished Renaming Generated Ports : Time (s): cpu = 00:00:20 ; elapsed = 00:00:51 . Memory (MB): peak = 2048.938 ; gain = 1030.535
---------------------------------------------------------------------------------
---------------------------------------------------------------------------------
Start Handling Custom Attributes
---------------------------------------------------------------------------------
---------------------------------------------------------------------------------
Finished Handling Custom Attributes : Time (s): cpu = 00:00:20 ; elapsed = 00:00:51 . Memory (MB): peak = 2048.938 ; gain = 1030.535
---------------------------------------------------------------------------------
---------------------------------------------------------------------------------
Start Renaming Generated Nets
---------------------------------------------------------------------------------
---------------------------------------------------------------------------------
Finished Renaming Generated Nets : Time (s): cpu = 00:00:20 ; elapsed = 00:00:51 . Memory (MB): peak = 2048.938 ; gain = 1030.535
---------------------------------------------------------------------------------
---------------------------------------------------------------------------------
Start Writing Synthesis Report
---------------------------------------------------------------------------------

Report BlackBoxes: 
+------+--------------+----------+
|      |BlackBox name |Instances |
+------+--------------+----------+
|1     |clk_wiz_0     |         1|
+------+--------------+----------+

Report Cell Usage: 
+------+--------+------+
|      |Cell    |Count |
+------+--------+------+
|1     |clk_wiz |     1|
|2     |CARRY4  |   247|
|3     |LUT1    |   118|
|4     |LUT2    |   412|
|5     |LUT3    |   392|
|6     |LUT4    |   382|
|7     |LUT5    |   453|
|8     |LUT6    |  2045|
|9     |MUXF7   |   286|
|10    |MUXF8   |    70|
|11    |FDCE    |   313|
|12    |FDPE    |    13|
|13    |FDRE    |     5|
|14    |IBUF    |     5|
|15    |OBUF    |    30|
+------+--------+------+
---------------------------------------------------------------------------------
Finished Writing Synthesis Report : Time (s): cpu = 00:00:20 ; elapsed = 00:00:51 . Memory (MB): peak = 2048.938 ; gain = 1030.535
---------------------------------------------------------------------------------
Synthesis finished with 0 errors, 0 critical warnings and 4 warnings.
Synthesis Optimization Runtime : Time (s): cpu = 00:00:18 ; elapsed = 00:00:49 . Memory (MB): peak = 2048.938 ; gain = 924.438
Synthesis Optimization Complete : Time (s): cpu = 00:00:20 ; elapsed = 00:00:51 . Memory (MB): peak = 2048.938 ; gain = 1030.535
INFO: [Project 1-571] Translating synthesized netlist
Netlist sorting complete. Time (s): cpu = 00:00:00 ; elapsed = 00:00:00.028 . Memory (MB): peak = 2048.938 ; gain = 0.000
INFO: [Netlist 29-17] Analyzing 603 Unisim elements for replacement
INFO: [Netlist 29-28] Unisim Transformation completed in 0 CPU seconds
INFO: [Project 1-570] Preparing netlist for logic optimization
INFO: [Opt 31-138] Pushed 0 inverter(s) to 0 load pin(s).
Netlist sorting complete. Time (s): cpu = 00:00:00 ; elapsed = 00:00:00 . Memory (MB): peak = 2048.938 ; gain = 0.000
INFO: [Project 1-111] Unisim Transformation Summary:
No Unisim elements were transformed.

지정된 경로를 찾을 수 없습니다.
Synth Design complete | Checksum: 5d0c6c88
INFO: [Common 17-83] Releasing license: Synthesis
41 Infos, 10 Warnings, 0 Critical Warnings and 0 Errors encountered.
synth_design completed successfully
synth_design: Time (s): cpu = 00:00:20 ; elapsed = 00:00:55 . Memory (MB): peak = 2048.938 ; gain = 1448.867
Write ShapeDB Complete: Time (s): cpu = 00:00:00 ; elapsed = 00:00:00.006 . Memory (MB): peak = 2048.938 ; gain = 0.000
INFO: [Common 17-1381] The checkpoint 'C:/Users/USER/Documents/GitHub/zedboard-project/zedboard-project/V260515/V260515.runs/synth_1/lcd_colorbar_top.dcp' has been generated.
INFO: [runtcl-4] Executing : report_utilization -file lcd_colorbar_top_utilization_synth.rpt -pb lcd_colorbar_top_utilization_synth.pb
INFO: [Common 17-206] Exiting Vivado at Mon Jun  8 12:23:08 2026...
